// Jest Snapshot v1, https://goo.gl/fbAQLP

exports[`henri general should match snapshot 1`] = `
Henri {
  "_middlewares": Array [],
  "consoleOnly": false,
  "cwd": [Function],
  "env": "test",
  "isDev": false,
  "isProduction": false,
  "isTest": true,
  "isTesting": false,
  "modules": Modules {
    "add": [Function],
    "henri": [Circular],
    "init": [Function],
    "initialized": false,
    "modules": Map {},
    "order": Array [
      Array [],
      Array [],
      Array [],
      Array [],
      Array [],
      Array [],
      Array [],
      Array [],
    ],
    "reload": [Function],
    "reloadable": Array [
      Array [],
      Array [],
      Array [],
      Array [],
      Array [],
      Array [],
      Array [],
      Array [],
    ],
    "stopOrder": Array [],
    "store": Array [
      Array [],
      Array [],
      Array [],
      Array [],
      Array [],
      Array [],
      Array [],
      Array [],
    ],
  },
  "pen": Pen {
    "_time": "42424242",
    "_timeSkipped": 0,
    "buffer": Array [],
    "consoleOnly": false,
    "henri": null,
    "inTesting": true,
    "info": [Function],
    "init": [Function],
    "initialized": false,
    "key": null,
    "longest": 12,
    "name": "unnamed",
    "notTest": false,
    "reloadable": false,
    "runlevel": 6,
    "setup": [Function],
    "start": [Function],
  },
  "prefix": "./packages/demo",
  "release": "0.42.0",
  "runlevel": 1,
  "settings": Object {
    "arch": "x64",
    "package": "0.42.0",
    "platform": "linux",
  },
  "status": Map {},
  "utils": Object {
    "bounce": Object {
      "background": [Function],
      "ignore": [Function],
      "isBoom": [Function],
      "isError": [Function],
      "isSystem": [Function],
      "rethrow": [Function],
    },
    "checkPackages": [Function],
    "clearConsole": [Function],
    "getColor": [Function],
    "stack": [Function],
    "syntax": [Function],
    "yarnExists": [Function],
  },
  "validator": Object {},
}
`;
